interactions:
- request:
    body: null
    headers:
      Accept:
      - '*/*'
      Accept-Encoding:
      - gzip, deflate
      Authorization:
      - '[REDACTED]'
      Connection:
      - keep-alive
      Content-Type:
      - application/vnd.api+json
      User-Agent:
      - python-requests/2.31.0
    method: GET
    uri: https://app.terraform.io/api/v2/organizations/smk-organization-1/policy-sets
  response:
    body:
      string: '{"data":[{"id":"polset-FyjB3zYm7EXFNpQH","type":"policy-sets","attributes":{"name":"smk-opa-policy-set-1","description":"SMK
        OPA policy set #1","global":false,"workspace-count":1,"project-count":0,"created-at":"2023-10-15T16:56:24.213Z","updated-at":"2023-10-15T16:56:24.213Z","kind":"opa","agent-enabled":true,"policy-tool-version":"0.50.2","overridable":false,"policy-count":2,"versioned":false},"relationships":{"organization":{"data":{"id":"smk-organization-1","type":"organizations"}},"policies":{"data":[{"id":"pol-WCXyQvXmgdroXQmS","type":"policies"},{"id":"pol-2EAtkaeuurV4TSNG","type":"policies"}]},"workspaces":{"data":[{"id":"ws-AhqVk8CoCrtAf1qk","type":"workspaces"}]},"projects":{"data":[]},"workspace-exclusions":{"data":[]}},"links":{"self":"/api/v2/policy-sets/polset-FyjB3zYm7EXFNpQH"}}],"links":{"self":"https://app.terraform.io/api/v2/organizations/smk-organization-1/policy-sets?page%5Bnumber%5D=1\u0026page%5Bsize%5D=20","first":"https://app.terraform.io/api/v2/organizations/smk-organization-1/policy-sets?page%5Bnumber%5D=1\u0026page%5Bsize%5D=20","prev":null,"next":null,"last":"https://app.terraform.io/api/v2/organizations/smk-organization-1/policy-sets?page%5Bnumber%5D=1\u0026page%5Bsize%5D=20"},"meta":{"pagination":{"current-page":1,"page-size":20,"prev-page":null,"next-page":null,"total-pages":1,"total-count":1}}}'
    headers:
      Cache-Control:
      - max-age=0, private, must-revalidate
      Connection:
      - keep-alive
      Content-Length:
      - '1346'
      Content-Type:
      - application/vnd.api+json; charset=utf-8
      Date:
      - Mon, 16 Oct 2023 23:53:53 GMT
      Etag:
      - W/"646566f495af96a355cdb947e7fbd603"
      Referrer-Policy:
      - strict-origin-when-cross-origin
      Strict-Transport-Security:
      - max-age=63072000; includeSubDomains; preload
      Tfp-Api-Version:
      - '2.6'
      Tfp-Appname:
      - Terraform Cloud
      Vary:
      - Accept-Encoding
      - Accept, Origin
      X-Content-Type-Options:
      - nosniff
      X-Download-Options:
      - noopen
      X-Frame-Options:
      - SAMEORIGIN
      X-Permitted-Cross-Domain-Policies:
      - none
      X-Ratelimit-Limit:
      - '30'
      X-Ratelimit-Remaining:
      - '29'
      X-Ratelimit-Reset:
      - '0.172'
      X-Request-Id:
      - 91e64d9d-4b58-cfc6-0ece-f57881fb3dfa
      X-Xss-Protection:
      - 1; mode=block
    status:
      code: 200
      message: OK
- request:
    body: null
    headers:
      Accept:
      - '*/*'
      Accept-Encoding:
      - gzip, deflate
      Authorization:
      - '[REDACTED]'
      Connection:
      - keep-alive
      Content-Type:
      - application/vnd.api+json
      User-Agent:
      - python-requests/2.31.0
    method: GET
    uri: https://app.terraform.io/api/v2/organizations/smk-organization-2/policy-sets
  response:
    body:
      string: '{"data":[{"id":"polset-WWTUxoQEEXykj8FY","type":"policy-sets","attributes":{"name":"smk-sentinel-policy-set-1","description":"SMK
        Sentinel policy set #1","global":false,"workspace-count":1,"project-count":0,"created-at":"2023-10-15T16:56:23.119Z","updated-at":"2023-10-15T16:56:23.119Z","kind":"sentinel","agent-enabled":false,"policy-count":2,"versioned":false},"relationships":{"organization":{"data":{"id":"smk-organization-2","type":"organizations"}},"policies":{"data":[{"id":"pol-VrwYbgj3kYUU12Yd","type":"policies"},{"id":"pol-CYSq72Sc8BDo35UP","type":"policies"}]},"workspaces":{"data":[{"id":"ws-Fwk2uepV1GCRjZ1u","type":"workspaces"}]},"projects":{"data":[]},"workspace-exclusions":{"data":[]}},"links":{"self":"/api/v2/policy-sets/polset-WWTUxoQEEXykj8FY"}}],"links":{"self":"https://app.terraform.io/api/v2/organizations/smk-organization-2/policy-sets?page%5Bnumber%5D=1\u0026page%5Bsize%5D=20","first":"https://app.terraform.io/api/v2/organizations/smk-organization-2/policy-sets?page%5Bnumber%5D=1\u0026page%5Bsize%5D=20","prev":null,"next":null,"last":"https://app.terraform.io/api/v2/organizations/smk-organization-2/policy-sets?page%5Bnumber%5D=1\u0026page%5Bsize%5D=20"},"meta":{"pagination":{"current-page":1,"page-size":20,"prev-page":null,"next-page":null,"total-pages":1,"total-count":1}}}'
    headers:
      Cache-Control:
      - max-age=0, private, must-revalidate
      Connection:
      - keep-alive
      Content-Length:
      - '1311'
      Content-Type:
      - application/vnd.api+json; charset=utf-8
      Date:
      - Mon, 16 Oct 2023 23:53:54 GMT
      Etag:
      - W/"443b342c546d55348a154d033bfd0086"
      Referrer-Policy:
      - strict-origin-when-cross-origin
      Strict-Transport-Security:
      - max-age=63072000; includeSubDomains; preload
      Tfp-Api-Version:
      - '2.6'
      Tfp-Appname:
      - Terraform Cloud
      Vary:
      - Accept-Encoding
      - Accept, Origin
      X-Content-Type-Options:
      - nosniff
      X-Download-Options:
      - noopen
      X-Frame-Options:
      - SAMEORIGIN
      X-Permitted-Cross-Domain-Policies:
      - none
      X-Ratelimit-Limit:
      - '30'
      X-Ratelimit-Remaining:
      - '29'
      X-Ratelimit-Reset:
      - '0.753'
      X-Request-Id:
      - 74890a19-1e66-ebdd-7153-1a45657d151c
      X-Xss-Protection:
      - 1; mode=block
    status:
      code: 200
      message: OK
- request:
    body: null
    headers:
      Accept:
      - '*/*'
      Accept-Encoding:
      - gzip, deflate
      Authorization:
      - '[REDACTED]'
      Connection:
      - keep-alive
      Content-Type:
      - application/vnd.api+json
      User-Agent:
      - python-requests/2.31.0
    method: GET
    uri: https://app.terraform.io/api/v2/organizations/smk-organization-3/policy-sets
  response:
    body:
      string: '{"data":[{"id":"polset-r56aKK3wGLrceQfh","type":"policy-sets","attributes":{"name":"smk-sentinel-policy-set-1","description":"SMK
        Sentinel policy set #1","global":false,"workspace-count":1,"project-count":0,"created-at":"2023-10-15T16:56:23.460Z","updated-at":"2023-10-15T16:56:23.460Z","kind":"sentinel","agent-enabled":false,"policy-count":2,"versioned":false},"relationships":{"organization":{"data":{"id":"smk-organization-3","type":"organizations"}},"policies":{"data":[{"id":"pol-5jWy6yMYGbwH3SXQ","type":"policies"},{"id":"pol-Q1TMoCaqCV8iU6jY","type":"policies"}]},"workspaces":{"data":[{"id":"ws-dUtvk1dSMJR37Afp","type":"workspaces"}]},"projects":{"data":[]},"workspace-exclusions":{"data":[]}},"links":{"self":"/api/v2/policy-sets/polset-r56aKK3wGLrceQfh"}}],"links":{"self":"https://app.terraform.io/api/v2/organizations/smk-organization-3/policy-sets?page%5Bnumber%5D=1\u0026page%5Bsize%5D=20","first":"https://app.terraform.io/api/v2/organizations/smk-organization-3/policy-sets?page%5Bnumber%5D=1\u0026page%5Bsize%5D=20","prev":null,"next":null,"last":"https://app.terraform.io/api/v2/organizations/smk-organization-3/policy-sets?page%5Bnumber%5D=1\u0026page%5Bsize%5D=20"},"meta":{"pagination":{"current-page":1,"page-size":20,"prev-page":null,"next-page":null,"total-pages":1,"total-count":1}}}'
    headers:
      Cache-Control:
      - max-age=0, private, must-revalidate
      Connection:
      - keep-alive
      Content-Length:
      - '1311'
      Content-Type:
      - application/vnd.api+json; charset=utf-8
      Date:
      - Mon, 16 Oct 2023 23:53:54 GMT
      Etag:
      - W/"24fbd37f876f6619e73e5ce770f3ef4f"
      Referrer-Policy:
      - strict-origin-when-cross-origin
      Strict-Transport-Security:
      - max-age=63072000; includeSubDomains; preload
      Tfp-Api-Version:
      - '2.6'
      Tfp-Appname:
      - Terraform Cloud
      Vary:
      - Accept-Encoding
      - Accept, Origin
      X-Content-Type-Options:
      - nosniff
      X-Download-Options:
      - noopen
      X-Frame-Options:
      - SAMEORIGIN
      X-Permitted-Cross-Domain-Policies:
      - none
      X-Ratelimit-Limit:
      - '30'
      X-Ratelimit-Remaining:
      - '28'
      X-Ratelimit-Reset:
      - '0.433'
      X-Request-Id:
      - d2de3042-25a4-99f6-39e4-911742d650a7
      X-Xss-Protection:
      - 1; mode=block
    status:
      code: 200
      message: OK
version: 1
